[0.322s] DEBUG:colcon:Command line arguments: ['/home/kk/anaconda3/envs/IoVFT/lib/python3.8/site-packages/colcon/__main__.py', 'build', '--packages-select', 'rokae_admittance']
[0.322s] DEBUG:colcon:Parsed command line arguments: Namespace(ament_cmake_args=None, base_paths=['.'], build_base='build', catkin_cmake_args=None, catkin_skip_building_tests=False, cmake_args=None, cmake_clean_cache=False, cmake_clean_first=False, cmake_force_configure=False, cmake_target=None, cmake_target_skip_unavailable=False, continue_on_error=False, event_handlers=None, executor='parallel', ignore_user_meta=False, install_base='install', log_base=None, log_level=None, main=<bound method BuildVerb.main of <colcon_core.verb.build.BuildVerb object at 0xffff873bee50>>, merge_install=False, metas=['./colcon.meta'], packages_above=None, packages_above_and_dependencies=None, packages_above_depth=None, packages_end=None, packages_ignore=None, packages_ignore_regex=None, packages_select=['rokae_admittance'], packages_select_build_failed=False, packages_select_by_dep=None, packages_select_regex=None, packages_select_test_failures=False, packages_skip=None, packages_skip_build_finished=False, packages_skip_by_dep=None, packages_skip_regex=None, packages_skip_test_passed=False, packages_skip_up_to=None, packages_start=None, packages_up_to=None, packages_up_to_regex=None, parallel_workers=8, paths=None, symlink_install=False, test_result_base=None, verb_extension=<colcon_core.verb.build.BuildVerb object at 0xffff873bee50>, verb_name='build', verb_parser=<colcon_defaults.argument_parser.defaults.DefaultArgumentsDecorator object at 0xffff872ba460>)
[0.418s] Level 1:colcon.colcon_core.package_discovery:discover_packages(colcon_meta) check parameters
[0.419s] Level 1:colcon.colcon_core.package_discovery:discover_packages(recursive) check parameters
[0.419s] Level 1:colcon.colcon_core.package_discovery:discover_packages(ignore) check parameters
[0.419s] Level 1:colcon.colcon_core.package_discovery:discover_packages(path) check parameters
[0.419s] Level 1:colcon.colcon_core.package_discovery:discover_packages(colcon_meta) discover
[0.419s] Level 1:colcon.colcon_core.package_discovery:discover_packages(recursive) discover
[0.419s] INFO:colcon.colcon_core.package_discovery:Crawling recursively for packages in '/SSD-512G/Project/FusionMotion_ws/src'
[0.420s] Level 1:colcon.colcon_core.package_identification:_identify(.) by extensions ['ignore', 'ignore_ament_install']
[0.420s] Level 1:colcon.colcon_core.package_identification:_identify(.) by extension 'ignore'
[0.420s] Level 1:colcon.colcon_core.package_identification:_identify(.) by extension 'ignore_ament_install'
[0.420s] Level 1:colcon.colcon_core.package_identification:_identify(.) by extensions ['colcon_pkg']
[0.420s] Level 1:colcon.colcon_core.package_identification:_identify(.) by extension 'colcon_pkg'
[0.420s] Level 1:colcon.colcon_core.package_identification:_identify(.) by extensions ['colcon_meta']
[0.420s] Level 1:colcon.colcon_core.package_identification:_identify(.) by extension 'colcon_meta'
[0.420s] Level 1:colcon.colcon_core.package_identification:_identify(.) by extensions ['ros']
[0.421s] Level 1:colcon.colcon_core.package_identification:_identify(.) by extension 'ros'
[0.474s] Level 1:colcon.colcon_core.package_identification:_identify(.) by extensions ['cmake', 'python']
[0.474s] Level 1:colcon.colcon_core.package_identification:_identify(.) by extension 'cmake'
[0.475s] Level 1:colcon.colcon_core.package_identification:_identify(.) by extension 'python'
[0.475s] Level 1:colcon.colcon_core.package_identification:_identify(.) by extensions ['python_setup_py']
[0.475s] Level 1:colcon.colcon_core.package_identification:_identify(.) by extension 'python_setup_py'
[0.475s] Level 1:colcon.colcon_core.package_identification:_identify(build) by extensions ['ignore', 'ignore_ament_install']
[0.475s] Level 1:colcon.colcon_core.package_identification:_identify(build) by extension 'ignore'
[0.475s] Level 1:colcon.colcon_core.package_identification:_identify(build) ignored
[0.476s] Level 1:colcon.colcon_core.package_identification:_identify(force_sensor) by extensions ['ignore', 'ignore_ament_install']
[0.476s] Level 1:colcon.colcon_core.package_identification:_identify(force_sensor) by extension 'ignore'
[0.476s] Level 1:colcon.colcon_core.package_identification:_identify(force_sensor) by extension 'ignore_ament_install'
[0.476s] Level 1:colcon.colcon_core.package_identification:_identify(force_sensor) by extensions ['colcon_pkg']
[0.476s] Level 1:colcon.colcon_core.package_identification:_identify(force_sensor) by extension 'colcon_pkg'
[0.476s] Level 1:colcon.colcon_core.package_identification:_identify(force_sensor) by extensions ['colcon_meta']
[0.476s] Level 1:colcon.colcon_core.package_identification:_identify(force_sensor) by extension 'colcon_meta'
[0.476s] Level 1:colcon.colcon_core.package_identification:_identify(force_sensor) by extensions ['ros']
[0.477s] Level 1:colcon.colcon_core.package_identification:_identify(force_sensor) by extension 'ros'
[0.477s] Level 1:colcon.colcon_core.package_identification:_identify(force_sensor) by extensions ['cmake', 'python']
[0.477s] Level 1:colcon.colcon_core.package_identification:_identify(force_sensor) by extension 'cmake'
[0.477s] Level 1:colcon.colcon_core.package_identification:_identify(force_sensor) by extension 'python'
[0.477s] Level 1:colcon.colcon_core.package_identification:_identify(force_sensor) by extensions ['python_setup_py']
[0.477s] Level 1:colcon.colcon_core.package_identification:_identify(force_sensor) by extension 'python_setup_py'
[0.477s] Level 1:colcon.colcon_core.package_identification:_identify(force_sensor/cust_msgs) by extensions ['ignore', 'ignore_ament_install']
[0.477s] Level 1:colcon.colcon_core.package_identification:_identify(force_sensor/cust_msgs) by extension 'ignore'
[0.478s] Level 1:colcon.colcon_core.package_identification:_identify(force_sensor/cust_msgs) by extension 'ignore_ament_install'
[0.478s] Level 1:colcon.colcon_core.package_identification:_identify(force_sensor/cust_msgs) by extensions ['colcon_pkg']
[0.478s] Level 1:colcon.colcon_core.package_identification:_identify(force_sensor/cust_msgs) by extension 'colcon_pkg'
[0.478s] Level 1:colcon.colcon_core.package_identification:_identify(force_sensor/cust_msgs) by extensions ['colcon_meta']
[0.478s] Level 1:colcon.colcon_core.package_identification:_identify(force_sensor/cust_msgs) by extension 'colcon_meta'
[0.478s] Level 1:colcon.colcon_core.package_identification:_identify(force_sensor/cust_msgs) by extensions ['ros']
[0.478s] Level 1:colcon.colcon_core.package_identification:_identify(force_sensor/cust_msgs) by extension 'ros'
[0.485s] DEBUG:colcon.colcon_core.package_identification:Package 'force_sensor/cust_msgs' with type 'ros.ament_cmake' and name 'cust_msgs'
[0.485s] Level 1:colcon.colcon_core.package_identification:_identify(force_sensor/force_srv) by extensions ['ignore', 'ignore_ament_install']
[0.486s] Level 1:colcon.colcon_core.package_identification:_identify(force_sensor/force_srv) by extension 'ignore'
[0.486s] Level 1:colcon.colcon_core.package_identification:_identify(force_sensor/force_srv) by extension 'ignore_ament_install'
[0.486s] Level 1:colcon.colcon_core.package_identification:_identify(force_sensor/force_srv) by extensions ['colcon_pkg']
[0.486s] Level 1:colcon.colcon_core.package_identification:_identify(force_sensor/force_srv) by extension 'colcon_pkg'
[0.486s] Level 1:colcon.colcon_core.package_identification:_identify(force_sensor/force_srv) by extensions ['colcon_meta']
[0.486s] Level 1:colcon.colcon_core.package_identification:_identify(force_sensor/force_srv) by extension 'colcon_meta'
[0.486s] Level 1:colcon.colcon_core.package_identification:_identify(force_sensor/force_srv) by extensions ['ros']
[0.486s] Level 1:colcon.colcon_core.package_identification:_identify(force_sensor/force_srv) by extension 'ros'
[0.488s] DEBUG:colcon.colcon_core.package_identification:Package 'force_sensor/force_srv' with type 'ros.ament_python' and name 'force_srv'
[0.488s] Level 1:colcon.colcon_core.package_identification:_identify(force_sensor/sixd_interfaces) by extensions ['ignore', 'ignore_ament_install']
[0.488s] Level 1:colcon.colcon_core.package_identification:_identify(force_sensor/sixd_interfaces) by extension 'ignore'
[0.488s] Level 1:colcon.colcon_core.package_identification:_identify(force_sensor/sixd_interfaces) by extension 'ignore_ament_install'
[0.489s] Level 1:colcon.colcon_core.package_identification:_identify(force_sensor/sixd_interfaces) by extensions ['colcon_pkg']
[0.489s] Level 1:colcon.colcon_core.package_identification:_identify(force_sensor/sixd_interfaces) by extension 'colcon_pkg'
[0.489s] Level 1:colcon.colcon_core.package_identification:_identify(force_sensor/sixd_interfaces) by extensions ['colcon_meta']
[0.489s] Level 1:colcon.colcon_core.package_identification:_identify(force_sensor/sixd_interfaces) by extension 'colcon_meta'
[0.489s] Level 1:colcon.colcon_core.package_identification:_identify(force_sensor/sixd_interfaces) by extensions ['ros']
[0.489s] Level 1:colcon.colcon_core.package_identification:_identify(force_sensor/sixd_interfaces) by extension 'ros'
[0.490s] DEBUG:colcon.colcon_core.package_identification:Package 'force_sensor/sixd_interfaces' with type 'ros.ament_cmake' and name 'sixd_interfaces'
[0.490s] Level 1:colcon.colcon_core.package_identification:_identify(inspire_hand) by extensions ['ignore', 'ignore_ament_install']
[0.491s] Level 1:colcon.colcon_core.package_identification:_identify(inspire_hand) by extension 'ignore'
[0.491s] Level 1:colcon.colcon_core.package_identification:_identify(inspire_hand) by extension 'ignore_ament_install'
[0.491s] Level 1:colcon.colcon_core.package_identification:_identify(inspire_hand) by extensions ['colcon_pkg']
[0.491s] Level 1:colcon.colcon_core.package_identification:_identify(inspire_hand) by extension 'colcon_pkg'
[0.491s] Level 1:colcon.colcon_core.package_identification:_identify(inspire_hand) by extensions ['colcon_meta']
[0.491s] Level 1:colcon.colcon_core.package_identification:_identify(inspire_hand) by extension 'colcon_meta'
[0.491s] Level 1:colcon.colcon_core.package_identification:_identify(inspire_hand) by extensions ['ros']
[0.491s] Level 1:colcon.colcon_core.package_identification:_identify(inspire_hand) by extension 'ros'
[0.493s] DEBUG:colcon.colcon_core.package_identification:Package 'inspire_hand' with type 'ros.ament_python' and name 'inspire_hand'
[0.493s] Level 1:colcon.colcon_core.package_identification:_identify(install) by extensions ['ignore', 'ignore_ament_install']
[0.493s] Level 1:colcon.colcon_core.package_identification:_identify(install) by extension 'ignore'
[0.493s] Level 1:colcon.colcon_core.package_identification:_identify(install) ignored
[0.494s] Level 1:colcon.colcon_core.package_identification:_identify(log) by extensions ['ignore', 'ignore_ament_install']
[0.494s] Level 1:colcon.colcon_core.package_identification:_identify(log) by extension 'ignore'
[0.494s] Level 1:colcon.colcon_core.package_identification:_identify(log) ignored
[0.494s] Level 1:colcon.colcon_core.package_identification:_identify(rokae) by extensions ['ignore', 'ignore_ament_install']
[0.494s] Level 1:colcon.colcon_core.package_identification:_identify(rokae) by extension 'ignore'
[0.495s] Level 1:colcon.colcon_core.package_identification:_identify(rokae) by extension 'ignore_ament_install'
[0.495s] Level 1:colcon.colcon_core.package_identification:_identify(rokae) by extensions ['colcon_pkg']
[0.495s] Level 1:colcon.colcon_core.package_identification:_identify(rokae) by extension 'colcon_pkg'
[0.495s] Level 1:colcon.colcon_core.package_identification:_identify(rokae) by extensions ['colcon_meta']
[0.495s] Level 1:colcon.colcon_core.package_identification:_identify(rokae) by extension 'colcon_meta'
[0.495s] Level 1:colcon.colcon_core.package_identification:_identify(rokae) by extensions ['ros']
[0.495s] Level 1:colcon.colcon_core.package_identification:_identify(rokae) by extension 'ros'
[0.495s] Level 1:colcon.colcon_core.package_identification:_identify(rokae) by extensions ['cmake', 'python']
[0.495s] Level 1:colcon.colcon_core.package_identification:_identify(rokae) by extension 'cmake'
[0.495s] Level 1:colcon.colcon_core.package_identification:_identify(rokae) by extension 'python'
[0.496s] Level 1:colcon.colcon_core.package_identification:_identify(rokae) by extensions ['python_setup_py']
[0.496s] Level 1:colcon.colcon_core.package_identification:_identify(rokae) by extension 'python_setup_py'
[0.496s] Level 1:colcon.colcon_core.package_identification:_identify(rokae/rokae_admittance) by extensions ['ignore', 'ignore_ament_install']
[0.496s] Level 1:colcon.colcon_core.package_identification:_identify(rokae/rokae_admittance) by extension 'ignore'
[0.496s] Level 1:colcon.colcon_core.package_identification:_identify(rokae/rokae_admittance) by extension 'ignore_ament_install'
[0.496s] Level 1:colcon.colcon_core.package_identification:_identify(rokae/rokae_admittance) by extensions ['colcon_pkg']
[0.496s] Level 1:colcon.colcon_core.package_identification:_identify(rokae/rokae_admittance) by extension 'colcon_pkg'
[0.496s] Level 1:colcon.colcon_core.package_identification:_identify(rokae/rokae_admittance) by extensions ['colcon_meta']
[0.497s] Level 1:colcon.colcon_core.package_identification:_identify(rokae/rokae_admittance) by extension 'colcon_meta'
[0.497s] Level 1:colcon.colcon_core.package_identification:_identify(rokae/rokae_admittance) by extensions ['ros']
[0.497s] Level 1:colcon.colcon_core.package_identification:_identify(rokae/rokae_admittance) by extension 'ros'
[0.499s] DEBUG:colcon.colcon_core.package_identification:Package 'rokae/rokae_admittance' with type 'ros.ament_cmake' and name 'rokae_admittance'
[0.499s] Level 1:colcon.colcon_core.package_identification:_identify(rokae/rokae_node) by extensions ['ignore', 'ignore_ament_install']
[0.499s] Level 1:colcon.colcon_core.package_identification:_identify(rokae/rokae_node) by extension 'ignore'
[0.499s] Level 1:colcon.colcon_core.package_identification:_identify(rokae/rokae_node) by extension 'ignore_ament_install'
[0.499s] Level 1:colcon.colcon_core.package_identification:_identify(rokae/rokae_node) by extensions ['colcon_pkg']
[0.499s] Level 1:colcon.colcon_core.package_identification:_identify(rokae/rokae_node) by extension 'colcon_pkg'
[0.499s] Level 1:colcon.colcon_core.package_identification:_identify(rokae/rokae_node) by extensions ['colcon_meta']
[0.500s] Level 1:colcon.colcon_core.package_identification:_identify(rokae/rokae_node) by extension 'colcon_meta'
[0.500s] Level 1:colcon.colcon_core.package_identification:_identify(rokae/rokae_node) by extensions ['ros']
[0.500s] Level 1:colcon.colcon_core.package_identification:_identify(rokae/rokae_node) by extension 'ros'
[0.501s] DEBUG:colcon.colcon_core.package_identification:Package 'rokae/rokae_node' with type 'ros.ament_cmake' and name 'rokae_node'
[0.501s] Level 1:colcon.colcon_core.package_identification:_identify(rokae/rokae_reference) by extensions ['ignore', 'ignore_ament_install']
[0.501s] Level 1:colcon.colcon_core.package_identification:_identify(rokae/rokae_reference) by extension 'ignore'
[0.502s] Level 1:colcon.colcon_core.package_identification:_identify(rokae/rokae_reference) by extension 'ignore_ament_install'
[0.502s] Level 1:colcon.colcon_core.package_identification:_identify(rokae/rokae_reference) by extensions ['colcon_pkg']
[0.502s] Level 1:colcon.colcon_core.package_identification:_identify(rokae/rokae_reference) by extension 'colcon_pkg'
[0.502s] Level 1:colcon.colcon_core.package_identification:_identify(rokae/rokae_reference) by extensions ['colcon_meta']
[0.502s] Level 1:colcon.colcon_core.package_identification:_identify(rokae/rokae_reference) by extension 'colcon_meta'
[0.502s] Level 1:colcon.colcon_core.package_identification:_identify(rokae/rokae_reference) by extensions ['ros']
[0.502s] Level 1:colcon.colcon_core.package_identification:_identify(rokae/rokae_reference) by extension 'ros'
[0.502s] Level 1:colcon.colcon_core.package_identification:_identify(rokae/rokae_reference) by extensions ['cmake', 'python']
[0.502s] Level 1:colcon.colcon_core.package_identification:_identify(rokae/rokae_reference) by extension 'cmake'
[0.503s] Level 1:colcon.colcon_core.package_identification:_identify(rokae/rokae_reference) by extension 'python'
[0.503s] Level 1:colcon.colcon_core.package_identification:_identify(rokae/rokae_reference) by extensions ['python_setup_py']
[0.503s] Level 1:colcon.colcon_core.package_identification:_identify(rokae/rokae_reference) by extension 'python_setup_py'
[0.503s] Level 1:colcon.colcon_core.package_identification:_identify(visual_servoing) by extensions ['ignore', 'ignore_ament_install']
[0.503s] Level 1:colcon.colcon_core.package_identification:_identify(visual_servoing) by extension 'ignore'
[0.503s] Level 1:colcon.colcon_core.package_identification:_identify(visual_servoing) by extension 'ignore_ament_install'
[0.503s] Level 1:colcon.colcon_core.package_identification:_identify(visual_servoing) by extensions ['colcon_pkg']
[0.503s] Level 1:colcon.colcon_core.package_identification:_identify(visual_servoing) by extension 'colcon_pkg'
[0.504s] Level 1:colcon.colcon_core.package_identification:_identify(visual_servoing) by extensions ['colcon_meta']
[0.504s] Level 1:colcon.colcon_core.package_identification:_identify(visual_servoing) by extension 'colcon_meta'
[0.504s] Level 1:colcon.colcon_core.package_identification:_identify(visual_servoing) by extensions ['ros']
[0.504s] Level 1:colcon.colcon_core.package_identification:_identify(visual_servoing) by extension 'ros'
[0.504s] Level 1:colcon.colcon_core.package_identification:_identify(visual_servoing) by extensions ['cmake', 'python']
[0.504s] Level 1:colcon.colcon_core.package_identification:_identify(visual_servoing) by extension 'cmake'
[0.504s] Level 1:colcon.colcon_core.package_identification:_identify(visual_servoing) by extension 'python'
[0.504s] Level 1:colcon.colcon_core.package_identification:_identify(visual_servoing) by extensions ['python_setup_py']
[0.504s] Level 1:colcon.colcon_core.package_identification:_identify(visual_servoing) by extension 'python_setup_py'
[0.504s] Level 1:colcon.colcon_core.package_identification:_identify(visual_servoing/pbvs) by extensions ['ignore', 'ignore_ament_install']
[0.505s] Level 1:colcon.colcon_core.package_identification:_identify(visual_servoing/pbvs) by extension 'ignore'
[0.505s] Level 1:colcon.colcon_core.package_identification:_identify(visual_servoing/pbvs) by extension 'ignore_ament_install'
[0.505s] Level 1:colcon.colcon_core.package_identification:_identify(visual_servoing/pbvs) by extensions ['colcon_pkg']
[0.505s] Level 1:colcon.colcon_core.package_identification:_identify(visual_servoing/pbvs) by extension 'colcon_pkg'
[0.505s] Level 1:colcon.colcon_core.package_identification:_identify(visual_servoing/pbvs) by extensions ['colcon_meta']
[0.505s] Level 1:colcon.colcon_core.package_identification:_identify(visual_servoing/pbvs) by extension 'colcon_meta'
[0.505s] Level 1:colcon.colcon_core.package_identification:_identify(visual_servoing/pbvs) by extensions ['ros']
[0.505s] Level 1:colcon.colcon_core.package_identification:_identify(visual_servoing/pbvs) by extension 'ros'
[0.508s] DEBUG:colcon.colcon_core.package_identification:Package 'visual_servoing/pbvs' with type 'ros.ament_cmake' and name 'pbvs'
[0.508s] Level 1:colcon.colcon_core.package_discovery:discover_packages(recursive) using defaults
[0.508s] Level 1:colcon.colcon_core.package_discovery:discover_packages(ignore) discover
[0.508s] Level 1:colcon.colcon_core.package_discovery:discover_packages(ignore) using defaults
[0.508s] Level 1:colcon.colcon_core.package_discovery:discover_packages(path) discover
[0.508s] Level 1:colcon.colcon_core.package_discovery:discover_packages(path) using defaults
[0.549s] INFO:colcon.colcon_core.package_selection:Skipping not selected package 'cust_msgs' in 'force_sensor/cust_msgs'
[0.549s] INFO:colcon.colcon_core.package_selection:Skipping not selected package 'pbvs' in 'visual_servoing/pbvs'
[0.549s] INFO:colcon.colcon_core.package_selection:Skipping not selected package 'rokae_node' in 'rokae/rokae_node'
[0.549s] INFO:colcon.colcon_core.package_selection:Skipping not selected package 'sixd_interfaces' in 'force_sensor/sixd_interfaces'
[0.549s] INFO:colcon.colcon_core.package_selection:Skipping not selected package 'force_srv' in 'force_sensor/force_srv'
[0.549s] INFO:colcon.colcon_core.package_selection:Skipping not selected package 'inspire_hand' in 'inspire_hand'
[0.550s] Level 5:colcon.colcon_core.verb:set package 'rokae_admittance' build argument 'cmake_args' from command line to 'None'
[0.550s] Level 5:colcon.colcon_core.verb:set package 'rokae_admittance' build argument 'cmake_target' from command line to 'None'
[0.551s] Level 5:colcon.colcon_core.verb:set package 'rokae_admittance' build argument 'cmake_target_skip_unavailable' from command line to 'False'
[0.551s] Level 5:colcon.colcon_core.verb:set package 'rokae_admittance' build argument 'cmake_clean_cache' from command line to 'False'
[0.551s] Level 5:colcon.colcon_core.verb:set package 'rokae_admittance' build argument 'cmake_clean_first' from command line to 'False'
[0.551s] Level 5:colcon.colcon_core.verb:set package 'rokae_admittance' build argument 'cmake_force_configure' from command line to 'False'
[0.551s] Level 5:colcon.colcon_core.verb:set package 'rokae_admittance' build argument 'ament_cmake_args' from command line to 'None'
[0.551s] Level 5:colcon.colcon_core.verb:set package 'rokae_admittance' build argument 'catkin_cmake_args' from command line to 'None'
[0.551s] Level 5:colcon.colcon_core.verb:set package 'rokae_admittance' build argument 'catkin_skip_building_tests' from command line to 'False'
[0.551s] DEBUG:colcon.colcon_core.verb:Building package 'rokae_admittance' with the following arguments: {'ament_cmake_args': None, 'build_base': '/SSD-512G/Project/FusionMotion_ws/src/build/rokae_admittance', 'catkin_cmake_args': None, 'catkin_skip_building_tests': False, 'cmake_args': None, 'cmake_clean_cache': False, 'cmake_clean_first': False, 'cmake_force_configure': False, 'cmake_target': None, 'cmake_target_skip_unavailable': False, 'install_base': '/SSD-512G/Project/FusionMotion_ws/src/install/rokae_admittance', 'merge_install': False, 'path': '/SSD-512G/Project/FusionMotion_ws/src/rokae/rokae_admittance', 'symlink_install': False, 'test_result_base': None}
[0.551s] INFO:colcon.colcon_core.executor:Executing jobs using 'parallel' executor
[0.554s] DEBUG:colcon.colcon_parallel_executor.executor.parallel:run_until_complete
[0.555s] INFO:colcon.colcon_ros.task.ament_cmake.build:Building ROS package in '/SSD-512G/Project/FusionMotion_ws/src/rokae/rokae_admittance' with build type 'ament_cmake'
[0.555s] INFO:colcon.colcon_cmake.task.cmake.build:Building CMake package in '/SSD-512G/Project/FusionMotion_ws/src/rokae/rokae_admittance'
[0.560s] INFO:colcon.colcon_core.plugin_system:Skipping extension 'colcon_core.shell.bat': Not used on non-Windows systems
[0.560s] INFO:colcon.colcon_core.shell:Skip shell extension 'powershell' for command environment: Not usable outside of PowerShell
[0.560s] DEBUG:colcon.colcon_core.shell:Skip shell extension 'dsv' for command environment
[0.566s] ERROR:colcon.colcon_cmake.task.cmake.build:Failed to find the following files:
- /SSD-512G/Project/FusionMotion_ws/src/install/cust_msgs/share/cust_msgs/package.sh
- /SSD-512G/Project/FusionMotion_ws/src/install/sixd_interfaces/share/sixd_interfaces/package.sh
Check that the following packages have been built:
- cust_msgs
- sixd_interfaces
[0.567s] Level 1:colcon.colcon_core.environment:create_environment_scripts_only(rokae_admittance)
[0.571s] Level 1:colcon.colcon_core.environment:checking '/SSD-512G/Project/FusionMotion_ws/src/install/rokae_admittance' for CMake module files
[0.572s] Level 1:colcon.colcon_core.environment:checking '/SSD-512G/Project/FusionMotion_ws/src/install/rokae_admittance' for CMake config files
[0.573s] Level 1:colcon.colcon_core.environment:checking '/SSD-512G/Project/FusionMotion_ws/src/install/rokae_admittance/bin'
[0.573s] Level 1:colcon.colcon_core.environment:checking '/SSD-512G/Project/FusionMotion_ws/src/install/rokae_admittance/lib/pkgconfig/rokae_admittance.pc'
[0.575s] Level 1:colcon.colcon_core.environment:checking '/SSD-512G/Project/FusionMotion_ws/src/install/rokae_admittance/lib/python3.8/site-packages'
[0.575s] Level 1:colcon.colcon_core.environment:checking '/SSD-512G/Project/FusionMotion_ws/src/install/rokae_admittance/bin'
[0.576s] INFO:colcon.colcon_core.shell:Creating package script '/SSD-512G/Project/FusionMotion_ws/src/install/rokae_admittance/share/rokae_admittance/package.ps1'
[0.578s] INFO:colcon.colcon_core.shell:Creating package descriptor '/SSD-512G/Project/FusionMotion_ws/src/install/rokae_admittance/share/rokae_admittance/package.dsv'
[0.579s] INFO:colcon.colcon_core.shell:Creating package script '/SSD-512G/Project/FusionMotion_ws/src/install/rokae_admittance/share/rokae_admittance/package.sh'
[0.580s] INFO:colcon.colcon_core.shell:Creating package script '/SSD-512G/Project/FusionMotion_ws/src/install/rokae_admittance/share/rokae_admittance/package.bash'
[0.582s] INFO:colcon.colcon_core.shell:Creating package script '/SSD-512G/Project/FusionMotion_ws/src/install/rokae_admittance/share/rokae_admittance/package.zsh'
[0.583s] Level 1:colcon.colcon_core.environment:create_file_with_runtime_dependencies(/SSD-512G/Project/FusionMotion_ws/src/install/rokae_admittance/share/colcon-core/packages/rokae_admittance)
[0.594s] DEBUG:colcon.colcon_parallel_executor.executor.parallel:closing loop
[0.594s] DEBUG:colcon.colcon_parallel_executor.executor.parallel:loop closed
[0.594s] DEBUG:colcon.colcon_parallel_executor.executor.parallel:run_until_complete finished with '1'
[0.595s] DEBUG:colcon.colcon_core.event_reactor:joining thread
[0.598s] INFO:colcon.colcon_core.plugin_system:Skipping extension 'colcon_notification.desktop_notification.notify2': 'notify2' not found
[0.598s] INFO:colcon.colcon_core.plugin_system:Skipping extension 'colcon_notification.desktop_notification.terminal_notifier': Not used on non-Darwin systems
[0.599s] INFO:colcon.colcon_core.plugin_system:Skipping extension 'colcon_notification.desktop_notification.win32': Not used on non-Windows systems
[0.599s] INFO:colcon.colcon_notification.desktop_notification:Sending desktop notification using 'notify_send'
[0.651s] DEBUG:colcon.colcon_core.event_reactor:joined thread
[0.653s] INFO:colcon.colcon_core.shell:Creating prefix script '/SSD-512G/Project/FusionMotion_ws/src/install/local_setup.ps1'
[0.656s] INFO:colcon.colcon_core.shell:Creating prefix util module '/SSD-512G/Project/FusionMotion_ws/src/install/_local_setup_util_ps1.py'
[0.659s] INFO:colcon.colcon_core.shell:Creating prefix chain script '/SSD-512G/Project/FusionMotion_ws/src/install/setup.ps1'
[0.660s] INFO:colcon.colcon_core.shell:Creating prefix script '/SSD-512G/Project/FusionMotion_ws/src/install/local_setup.sh'
[0.662s] INFO:colcon.colcon_core.shell:Creating prefix util module '/SSD-512G/Project/FusionMotion_ws/src/install/_local_setup_util_sh.py'
[0.663s] INFO:colcon.colcon_core.shell:Creating prefix chain script '/SSD-512G/Project/FusionMotion_ws/src/install/setup.sh'
[0.667s] INFO:colcon.colcon_core.shell:Creating prefix script '/SSD-512G/Project/FusionMotion_ws/src/install/local_setup.bash'
[0.668s] INFO:colcon.colcon_core.shell:Creating prefix chain script '/SSD-512G/Project/FusionMotion_ws/src/install/setup.bash'
[0.670s] INFO:colcon.colcon_core.shell:Creating prefix script '/SSD-512G/Project/FusionMotion_ws/src/install/local_setup.zsh'
[0.671s] INFO:colcon.colcon_core.shell:Creating prefix chain script '/SSD-512G/Project/FusionMotion_ws/src/install/setup.zsh'
